\BOOKMARK [0][-]{chapter*.1}{\376\377\136\217\212\000}{}% 1
\BOOKMARK [0][-]{chapter.1}{\376\377\131\015\123\330\121\375\145\160\127\372\170\100}{}% 2
\BOOKMARK [1][-]{section.1.1}{\376\377\131\015\145\160\136\217\122\027\116\016\147\201\226\120}{chapter.1}% 3
\BOOKMARK [1][-]{section.1.2}{\376\377\145\340\172\167\217\334\160\271\116\016\142\151\121\105\131\015\136\163\227\142}{chapter.1}% 4
\BOOKMARK [1][-]{section.1.3}{\376\377\123\072\127\337\116\016\131\015\123\330\121\375\145\160}{chapter.1}% 5
\BOOKMARK [0][-]{chapter.2}{\376\377\211\343\147\220\121\375\145\160}{}% 6
\BOOKMARK [1][-]{section.2.1}{\376\377\147\201\226\120\116\016\217\336\176\355}{chapter.2}% 7
\BOOKMARK [1][-]{section.2.2}{\376\377\133\374\145\160\116\016\137\256\122\006}{chapter.2}% 8
\BOOKMARK [1][-]{section.2.3}{\376\377\211\343\147\220\121\375\145\160\116\016\147\357\211\177\000-\236\316\146\374\145\271\172\013}{chapter.2}% 9
\BOOKMARK [1][-]{section.2.4}{\376\377\214\003\124\214\121\375\145\160\116\016\145\340\172\167\217\334\160\271}{chapter.2}% 10
\BOOKMARK [1][-]{section.2.5}{\376\377\117\335\211\322\123\330\143\142}{chapter.2}% 11
\BOOKMARK [1][-]{section.2.6}{\376\377\131\032\120\074\121\375\145\160\116\016\236\316\146\374\227\142}{chapter.2}% 12
\BOOKMARK [0][-]{chapter.3}{\376\377\131\015\123\330\171\357\122\006}{}% 13
\BOOKMARK [1][-]{section.3.1}{\376\377\131\015\123\330\171\357\122\006\123\312\121\166\140\047\215\050}{chapter.3}% 14
\BOOKMARK [1][-]{section.3.2}{\376\377\000C\000a\000u\000c\000h\000y\000\040\171\357\122\006\133\232\164\006}{chapter.3}% 15
\BOOKMARK [1][-]{section.3.3}{\376\377\116\044\116\052\136\070\165\050\166\204\137\025\164\006}{chapter.3}% 16
\BOOKMARK [1][-]{section.3.4}{\376\377\000C\000a\000u\000c\000h\000y\000\040\171\357\122\006\121\154\137\017}{chapter.3}% 17
\BOOKMARK [1][-]{section.3.5}{\376\377\000C\000a\000u\000c\000h\000y\000\040\127\213\171\357\122\006}{chapter.3}% 18
\BOOKMARK [1][-]{section.3.6}{\376\377\211\343\147\220\121\375\145\160\166\204\232\330\226\066\133\374\145\160\121\154\137\017\123\312\143\250\213\272}{chapter.3}% 19
\BOOKMARK [1][-]{section.3.7}{\376\377\000P\000o\000i\000s\000s\000o\000n\000\040\121\154\137\017}{chapter.3}% 20
